 zlib1

 Timestamp is 56714b47 (Wed Dec 16 13:30:15 2015)

 Preferred load address is 10000000

 Start         Length     Name                   Class
 0001:00000000 00021803H .text$mn                CODE
 0002:00000000 00000104H .CRT$XCA                DATA
 0002:00000104 00000104H .CRT$XCZ                DATA
 0002:00000208 00000104H .CRT$XIA                DATA
 0002:0000030c 00000104H .CRT$XIZ                DATA
 0002:00000410 00000104H .CRT$XPA                DATA
 0002:00000514 00000104H .CRT$XPZ                DATA
 0002:00000618 00000104H .CRT$XTA                DATA
 0002:0000071c 00000104H .CRT$XTZ                DATA
 0002:00000820 00004c9eH .rdata                  DATA
 0002:000054c0 00000104H .rdata$sxdata           DATA
 0002:000055c4 000001acH .rdata$zzzdbg           DATA
 0002:00005770 00000104H .rtc$IAA                DATA
 0002:00005874 00000104H .rtc$IZZ                DATA
 0002:00005978 00000104H .rtc$TAA                DATA
 0002:00005a7c 00000104H .rtc$TZZ                DATA
 0002:00005b80 0000018dH .xdata$x                DATA
 0002:00005d10 00000fb4H .edata                  DATA
 0003:00000000 000008c4H .data                   DATA
 0003:000008c8 00000458H .bss                    DATA
 0004:00000000 000001b8H .idata$5                DATA
 0004:000001b8 0000003cH .idata$2                DATA
 0004:000001f4 00000014H .idata$3                DATA
 0004:00000208 000001b8H .idata$4                DATA
 0004:000003c0 000005cbH .idata$6                DATA
 0005:00000000 00000125H .gfids$y                DATA
 0006:00000000 00000104H .00cfg                  DATA
 0007:00000000 00000169H .rsrc$01                DATA
 0007:00000170 000004dcH .rsrc$02                DATA

  Address         Publics by Value              Rva+Base       Lib:Object

 0000:00000000       ___guard_iat_table         00000000     <absolute>
 0000:00000000       ___guard_fids_table        00000000     <absolute>
 0000:00000000       ___guard_longjmp_count     00000000     <absolute>
 0000:00000000       ___guard_fids_count        00000000     <absolute>
 0000:00000000       ___guard_longjmp_table     00000000     <absolute>
 0000:00000000       ___guard_iat_count         00000000     <absolute>
 0000:00000001       ___safe_se_handler_count   00000001     <absolute>
 0000:00000100       ___guard_flags             00000100     <absolute>
 0000:00000000       ___ImageBase               10000000     <linker-defined>
 0001:000009c0       _adler32                   100019c0 f   adler32.obj
 0001:00000f60       _adler32_combine           10001f60 f   adler32.obj
 0001:00001080       _adler32_combine64         10002080 f   adler32.obj
 0001:00001260       _compress                  10002260 f   compress.obj
 0001:00001280       _compress2                 10002280 f   compress.obj
 0001:00001350       _compressBound             10002350 f   compress.obj
 0001:000013c0       _crc32                     100023c0 f   crc32.obj
 0001:00001610       _crc32_combine             10002610 f   crc32.obj
 0001:00001630       _get_crc_table             10002630 f   crc32.obj
 0001:00002310       _crc32_combine64           10003310 f   crc32.obj
 0001:00002710       _deflate                   10003710 f   deflate.obj
 0001:00003690       _deflateEnd                10004690 f   deflate.obj
 0001:000037e0       _deflateSetDictionary      100047e0 f   deflate.obj
 0001:00003a50       _deflateCopy               10004a50 f   deflate.obj
 0001:00003cb0       _deflateReset              10004cb0 f   deflate.obj
 0001:00003ce0       _deflateParams             10004ce0 f   deflate.obj
 0001:00003e20       _deflateTune               10004e20 f   deflate.obj
 0001:00003e80       _deflateBound              10004e80 f   deflate.obj
 0001:00004010       _deflatePending            10005010 f   deflate.obj
 0001:00004060       _deflatePrime              10005060 f   deflate.obj
 0001:00004140       _deflateSetHeader          10005140 f   deflate.obj
 0001:00004180       _deflateInit_              10005180 f   deflate.obj
 0001:000041b0       _deflateInit2_             100051b0 f   deflate.obj
 0001:00004510       _deflateResetKeep          10005510 f   deflate.obj
 0001:000078c0       _gzclose                   100088c0 f   gzclose.obj
 0001:00007920       _gzdopen                   10008920 f   gzlib.obj
 0001:00007990       _gzbuffer                  10008990 f   gzlib.obj
 0001:000079f0       _gzrewind                  100089f0 f   gzlib.obj
 0001:00007a70       _gzeof                     10008a70 f   gzlib.obj
 0001:00007ad0       _gzerror                   10008ad0 f   gzlib.obj
 0001:00007b50       _gzclearerr                10008b50 f   gzlib.obj
 0001:00007bb0       _gzopen                    10008bb0 f   gzlib.obj
 0001:00007bd0       _gzseek                    10008bd0 f   gzlib.obj
 0001:00007c30       _gztell                    10008c30 f   gzlib.obj
 0001:00007c80       _gzoffset                  10008c80 f   gzlib.obj
 0001:00007cd0       _gzopen_w                  10008cd0 f   gzlib.obj
 0001:00007cf0       _gzopen64                  10008cf0 f   gzlib.obj
 0001:00007d10       _gzseek64                  10008d10 f   gzlib.obj
 0001:00007ff0       _gztell64                  10008ff0 f   gzlib.obj
 0001:00008060       _gzoffset64                10009060 f   gzlib.obj
 0001:00008100       _gz_error                  10009100 f   gzlib.obj
 0001:00008a30       ___local_stdio_printf_options 10009a30 f i gzlib.obj
 0001:00008a40       __snprintf                 10009a40 f i gzlib.obj
 0001:00008a90       __vsnprintf                10009a90 f i gzlib.obj
 0001:00008ac0       __vsnprintf_l              10009ac0 f i gzlib.obj
 0001:00008b30       _gzread                    10009b30 f   gzread.obj
 0001:00008d50       _gzgets                    10009d50 f   gzread.obj
 0001:00008f00       _gzgetc                    10009f00 f   gzread.obj
 0001:00008fd0       _gzungetc                  10009fd0 f   gzread.obj
 0001:000091a0       _gzdirect                  1000a1a0 f   gzread.obj
 0001:000091f0       _gzclose_r                 1000a1f0 f   gzread.obj
 0001:000092e0       _gzgetc_                   1000a2e0 f   gzread.obj
 0001:00009db0       _gzsetparams               1000adb0 f   gzwrite.obj
 0001:00009ea0       _gzwrite                   1000aea0 f   gzwrite.obj
 0001:0000a0a0       _gzprintf                  1000b0a0 f   gzwrite.obj
 0001:0000a0e0       _gzputs                    1000b0e0 f   gzwrite.obj
 0001:0000a130       _gzputc                    1000b130 f   gzwrite.obj
 0001:0000a260       _gzflush                   1000b260 f   gzwrite.obj
 0001:0000a300       _gzclose_w                 1000b300 f   gzwrite.obj
 0001:0000a420       _gzvprintf                 1000b420 f   gzwrite.obj
 0001:0000acc0       _vsnprintf                 1000bcc0 f i gzwrite.obj
 0001:0000ad30       _inflateBack               1000bd30 f   infback.obj
 0001:0000c0e0       _inflateBackEnd            1000d0e0 f   infback.obj
 0001:0000c130       _inflateBackInit_          1000d130 f   infback.obj
 0001:0000c7c0       _inflate_fast              1000d7c0 f   inffast.obj
 0001:0000d110       _inflate                   1000e110 f   inflate.obj
 0001:0000f200       _inflateEnd                10010200 f   inflate.obj
 0001:0000f280       _inflateSetDictionary      10010280 f   inflate.obj
 0001:0000f350       _inflateGetDictionary      10010350 f   inflate.obj
 0001:0000f3f0       _inflateSync               100103f0 f   inflate.obj
 0001:0000f580       _inflateCopy               10010580 f   inflate.obj
 0001:0000f740       _inflateReset              10010740 f   inflate.obj
 0001:0000f7a0       _inflateReset2             100107a0 f   inflate.obj
 0001:0000f870       _inflatePrime              10010870 f   inflate.obj
 0001:0000f910       _inflateMark               10010910 f   inflate.obj
 0001:0000f990       _inflateGetHeader          10010990 f   inflate.obj
 0001:0000f9e0       _inflateInit_              100109e0 f   inflate.obj
 0001:0000fa00       _inflateInit2_             10010a00 f   inflate.obj
 0001:0000fb10       _inflateSyncPoint          10010b10 f   inflate.obj
 0001:0000fb60       _inflateUndermine          10010b60 f   inflate.obj
 0001:0000fbc0       _inflateResetKeep          10010bc0 f   inflate.obj
 0001:00010a90       _inflate_table             10011a90 f   inftrees.obj
 0001:000111b0       _fill_fopen64_filefunc     100121b0 f   ioapi.obj
 0001:00011210       _fill_fopen_filefunc       10012210 f   ioapi.obj
 0001:00011270       _call_zopen64              10012270 f   ioapi.obj
 0001:000112c0       _call_zseek64              100122c0 f   ioapi.obj
 0001:00011340       _call_ztell64              10012340 f   ioapi.obj
 0001:000113a0       _fill_zlib_filefunc64_32_def_from_filefunc32 100123a0 f   ioapi.obj
 0001:00011850       _fill_win32_filefunc       10012850 f   iowin32.obj
 0001:000118b0       _fill_win32_filefunc64     100128b0 f   iowin32.obj
 0001:00011910       _fill_win32_filefunc64A    10012910 f   iowin32.obj
 0001:00011970       _fill_win32_filefunc64W    10012970 f   iowin32.obj
 0001:000119d0       _win32_open_file_func      100129d0 f   iowin32.obj
 0001:00011a40       _win32_read_file_func      10012a40 f   iowin32.obj
 0001:00011ab0       _win32_write_file_func     10012ab0 f   iowin32.obj
 0001:00011b20       _win32_tell64_file_func    10012b20 f   iowin32.obj
 0001:00011bb0       _win32_seek64_file_func    10012bb0 f   iowin32.obj
 0001:00011c70       _win32_close_file_func     10012c70 f   iowin32.obj
 0001:00011cc0       _win32_error_file_func     10012cc0 f   iowin32.obj
 0001:00011de0       _win32_open64_file_func    10012de0 f   iowin32.obj
 0001:00011e50       _win32_open64_file_funcA   10012e50 f   iowin32.obj
 0001:00011ec0       _win32_open64_file_funcW   10012ec0 f   iowin32.obj
 0001:00011fa0       _win32_tell_file_func      10012fa0 f   iowin32.obj
 0001:00012020       _win32_seek_file_func      10013020 f   iowin32.obj
 0001:00012300       __tr_init                  10013300 f   trees.obj
 0001:00012390       __tr_tally                 10013390 f   trees.obj
 0001:000124d0       __tr_flush_block           100134d0 f   trees.obj
 0001:000128a0       __tr_flush_bits            100138a0 f   trees.obj
 0001:000128c0       __tr_align                 100138c0 f   trees.obj
 0001:00012b30       __tr_stored_block          10013b30 f   trees.obj
 0001:00016130       _uncompress                10017130 f   uncompr.obj
 0001:00016240       _unzStringFileNameCompare  10017240 f   unzip.obj
 0001:00016280       _unzOpen                   10017280 f   unzip.obj
 0001:000162a0       _unzOpen64                 100172a0 f   unzip.obj
 0001:000162c0       _unzOpen2                  100172c0 f   unzip.obj
 0001:00016310       _unzOpen2_64               10017310 f   unzip.obj
 0001:00016370       _unzClose                  10017370 f   unzip.obj
 0001:000163e0       _unzGetGlobalInfo          100173e0 f   unzip.obj
 0001:00016420       _unzGetGlobalInfo64        10017420 f   unzip.obj
 0001:00016460       _unzGetGlobalComment       10017460 f   unzip.obj
 0001:00016530       _unzGoToFirstFile          10017530 f   unzip.obj
 0001:000165d0       _unzGoToNextFile           100175d0 f   unzip.obj
 0001:00016710       _unzLocateFile             10017710 f   unzip.obj
 0001:00016880       _unzGetFilePos             10017880 f   unzip.obj
 0001:000168c0       _unzGoToFilePos            100178c0 f   unzip.obj
 0001:00016910       _unzGetFilePos64           10017910 f   unzip.obj
 0001:00016980       _unzGoToFilePos64          10017980 f   unzip.obj
 0001:00016a20       _unzGetCurrentFileInfo64   10017a20 f   unzip.obj
 0001:00016a50       _unzGetCurrentFileInfo     10017a50 f   unzip.obj
 0001:00016b50       _unzGetCurrentFileZStreamPos64 10017b50 f   unzip.obj
 0001:00016bb0       _unzOpenCurrentFile        10017bb0 f   unzip.obj
 0001:00016bd0       _unzOpenCurrentFilePassword 10017bd0 f   unzip.obj
 0001:00016bf0       _unzOpenCurrentFile2       10017bf0 f   unzip.obj
 0001:00016c10       _unzOpenCurrentFile3       10017c10 f   unzip.obj
 0001:00016f90       _unzCloseCurrentFile       10017f90 f   unzip.obj
 0001:00017080       _unzReadCurrentFile        10018080 f   unzip.obj
 0001:00017560       _unztell                   10018560 f   unzip.obj
 0001:000175a0       _unztell64                 100185a0 f   unzip.obj
 0001:000175f0       _unzeof                    100185f0 f   unzip.obj
 0001:00017650       _unzGetLocalExtrafield     10018650 f   unzip.obj
 0001:00017760       _unzGetOffset64            10018760 f   unzip.obj
 0001:00017800       _unzGetOffset              10018800 f   unzip.obj
 0001:00017830       _unzSetOffset64            10018830 f   unzip.obj
 0001:000178d0       _unzSetOffset              100188d0 f   unzip.obj
 0001:00019ff0       _zipOpen                   1001aff0 f   zip.obj
 0001:0001a010       _zipOpen64                 1001b010 f   zip.obj
 0001:0001a030       _zipOpen2                  1001b030 f   zip.obj
 0001:0001a090       _zipOpen2_64               1001b090 f   zip.obj
 0001:0001a100       _zipOpenNewFileInZip       1001b100 f   zip.obj
 0001:0001a150       _zipOpenNewFileInZip64     1001b150 f   zip.obj
 0001:0001a1a0       _zipOpenNewFileInZip2      1001b1a0 f   zip.obj
 0001:0001a1f0       _zipOpenNewFileInZip2_64   1001b1f0 f   zip.obj
 0001:0001a240       _zipOpenNewFileInZip3      1001b240 f   zip.obj
 0001:0001a2a0       _zipOpenNewFileInZip3_64   1001b2a0 f   zip.obj
 0001:0001a300       _zipOpenNewFileInZip4      1001b300 f   zip.obj
 0001:0001a360       _zipOpenNewFileInZip4_64   1001b360 f   zip.obj
 0001:0001aab0       _zipWriteInFileInZip       1001bab0 f   zip.obj
 0001:0001acb0       _zipCloseFileInZip         1001bcb0 f   zip.obj
 0001:0001acd0       _zipCloseFileInZipRaw      1001bcd0 f   zip.obj
 0001:0001acf0       _zipCloseFileInZipRaw64    1001bcf0 f   zip.obj
 0001:0001b400       _zipClose                  1001c400 f   zip.obj
 0001:0001b620       _zipRemoveExtraInfoBlock   1001c620 f   zip.obj
 0001:0001c720       _LoadCentralDirectoryRecord 1001d720 f   zip.obj
 0001:0001cd60       _zipOpen3                  1001dd60 f   zip.obj
 0001:0001cf20       _Write_LocalFileHeader     1001df20 f   zip.obj
 0001:0001d3e0       _Write_Zip64EndOfCentralDirectoryLocator 1001e3e0 f   zip.obj
 0001:0001d4a0       _Write_Zip64EndOfCentralDirectoryRecord 1001e4a0 f   zip.obj
 0001:0001d650       _Write_EndOfCentralDirectoryRecord 1001e650 f   zip.obj
 0001:0001d850       _Write_GlobalComment       1001e850 f   zip.obj
 0001:0001e720       _zlibVersion               1001f720 f   zutil.obj
 0001:0001e730       _zlibCompileFlags          1001f730 f   zutil.obj
 0001:0001e840       _zError                    1001f840 f   zutil.obj
 0001:0001e860       _zcalloc                   1001f860 f   zutil.obj
 0001:0001e890       _zcfree                    1001f890 f   zutil.obj
 0001:0001e902       _CreateFileA@28            1001f902 f   kernel32:KERNEL32.dll
 0001:0001e908       _CreateFileW@28            1001f908 f   kernel32:KERNEL32.dll
 0001:0001e90e       _ReadFile@20               1001f90e f   kernel32:KERNEL32.dll
 0001:0001e914       _SetFilePointer@16         1001f914 f   kernel32:KERNEL32.dll
 0001:0001e91a       _WriteFile@20              1001f91a f   kernel32:KERNEL32.dll
 0001:0001e920       _CloseHandle@4             1001f920 f   kernel32:KERNEL32.dll
 0001:0001e926       _GetLastError@0            1001f926 f   kernel32:KERNEL32.dll
 0001:0001e930       __allrem                   1001f930 f   MSVCRTD:llrem.obj
 0001:0001ea10       __allshr                   1001fa10 f   MSVCRTD:llshr.obj
 0001:0001ea40       __allmul                   1001fa40 f   MSVCRTD:llmul.obj
 0001:0001ea90       __allshl                   1001fa90 f   MSVCRTD:llshl.obj
 0001:0001eac0       __aulldiv                  1001fac0 f   MSVCRTD:ulldiv.obj
 0001:0001eb50       __aullshr                  1001fb50 f   MSVCRTD:ullshr.obj
 0001:0001eb80       __chkstk                   1001fb80 f   MSVCRTD:chkstk.obj
 0001:0001eb80       __alloca_probe             1001fb80 f   MSVCRTD:chkstk.obj
 0001:0001f1a0       __CRT_INIT@12              100201a0 f   MSVCRTD:dll_dllmain.obj
 0001:0001f1c0       __DllMainCRTStartup@12     100201c0 f   MSVCRTD:dll_dllmain.obj
 0001:0001f1f0       ??$__crt_fast_decode_pointer@PAP6AXXZ@@YAPAP6AXXZQAP6AXXZ@Z 100201f0 f i MSVCRTD:utility.obj
 0001:0001f220       ??$__crt_fast_encode_pointer@PAP6AXXZ@@YAPAP6AXXZQAP6AXXZ@Z 10020220 f i MSVCRTD:utility.obj
 0001:0001f260       ?__crt_rotate_pointer_value@@YAIIH@Z 10020260 f i MSVCRTD:utility.obj
 0001:0001f3b0       _NtCurrentTeb              100203b0 f i MSVCRTD:utility.obj
 0001:0001f3c0       ___scrt_acquire_startup_lock 100203c0 f   MSVCRTD:utility.obj
 0001:0001f420       ___scrt_dllmain_after_initialize_c 10020420 f   MSVCRTD:utility.obj
 0001:0001f450       ___scrt_dllmain_before_initialize_c 10020450 f   MSVCRTD:utility.obj
 0001:0001f480       ___scrt_dllmain_crt_thread_attach 10020480 f   MSVCRTD:utility.obj
 0001:0001f4c0       ___scrt_dllmain_crt_thread_detach 100204c0 f   MSVCRTD:utility.obj
 0001:0001f4e0       ___scrt_dllmain_exception_filter 100204e0 f   MSVCRTD:utility.obj
 0001:0001f540       ___scrt_dllmain_uninitialize_c 10020540 f   MSVCRTD:utility.obj
 0001:0001f580       ___scrt_dllmain_uninitialize_critical 10020580 f   MSVCRTD:utility.obj
 0001:0001f5a0       ___scrt_initialize_crt     100205a0 f   MSVCRTD:utility.obj
 0001:0001f600       ___scrt_initialize_onexit_tables 10020600 f   MSVCRTD:utility.obj
 0001:0001f700       ___scrt_is_nonwritable_in_current_image 10020700 f   MSVCRTD:utility.obj
 0001:0001f880       ___scrt_release_startup_lock 10020880 f   MSVCRTD:utility.obj
 0001:0001f8b0       ___scrt_uninitialize_crt   100208b0 f   MSVCRTD:utility.obj
 0001:0001f900       __onexit                   10020900 f   MSVCRTD:utility.obj
 0001:0001f990       _at_quick_exit             10020990 f   MSVCRTD:utility.obj
 0001:0001f9f0       _atexit                    100209f0 f   MSVCRTD:utility.obj
 0001:0001fa30       ___security_init_cookie    10020a30 f   MSVCRTD:gs_support.obj
 0001:0001fb50       _DllMain@12                10020b50 f   MSVCRTD:dll_dllmain_stub.obj
 0001:0001fb80       ?__scrt_initialize_type_info@@YAXXZ 10020b80 f   MSVCRTD:tncleanup.obj
 0001:0001fba0       ?__scrt_uninitialize_type_info@@YAXXZ 10020ba0 f   MSVCRTD:tncleanup.obj
 0001:0001fbc0       ___local_stdio_scanf_options 10020bc0 f i MSVCRTD:default_local_stdio_options.obj
 0001:0001fbd0       ___scrt_initialize_default_local_stdio_options 10020bd0 f   MSVCRTD:default_local_stdio_options.obj
 0001:0001fc20       ___scrt_get_dyn_tls_init_callback 10020c20 f   MSVCRTD:dyn_tls_init.obj
 0001:0001fc30       ___scrt_fastfail           10020c30 f   MSVCRTD:utility_desktop.obj
 0001:0001fdc0       ___scrt_get_show_window_mode 10020dc0 f   MSVCRTD:utility_desktop.obj
 0001:0001fe10       ___scrt_initialize_winrt   10020e10 f   MSVCRTD:utility_desktop.obj
 0001:0001fe20       ___scrt_is_managed_app     10020e20 f   MSVCRTD:utility_desktop.obj
 0001:0001fed0       ___scrt_set_unhandled_exception_filter 10020ed0 f   MSVCRTD:utility_desktop.obj
 0001:0001fef0       ___scrt_unhandled_exception_filter@4 10020ef0 f   MSVCRTD:utility_desktop.obj
 0001:0001ff70       __crt_debugger_hook        10020f70 f   MSVCRTD:utility_desktop.obj
 0001:0001ff90       __RTC_Initialize           10020f90 f   MSVCRTD:_initsect_.obj
 0001:0001ffd0       __RTC_Terminate            10020fd0 f   MSVCRTD:_initsect_.obj
 0001:00020010       @_guard_check_icall@4      10021010 f i MSVCRTD:checkcfg.obj
 0001:00020030       __except_handler4          10021030 f   MSVCRTD:_chandler4gs_.obj
 0001:00020060       ___isa_available_init      10021060 f   MSVCRTD:_cpu_disp_.obj
 0001:000203f0       ___scrt_is_ucrt_dll_in_use 100213f0 f   MSVCRTD:ucrt_detection.obj
 0001:00020420       @_guard_check_icall_nop@4  10021420 f i MSVCRTD:guard_support.obj
 0001:00020430       __guard_icall_checks_enforced 10021430 f i MSVCRTD:guard_support.obj
 0001:00020460       @__security_check_cookie@4 10021460 f   MSVCRTD:_secchk_.obj
 0001:00020480       ___raise_securityfailure   10021480 f   MSVCRTD:gs_report.obj
 0001:000204c0       ___report_gsfailure        100214c0 f   MSVCRTD:gs_report.obj
 0001:00020610       ___report_rangecheckfailure 10021610 f   MSVCRTD:gs_report.obj
 0001:00020620       ___report_securityfailure  10021620 f   MSVCRTD:gs_report.obj
 0001:00020730       ___report_securityfailureEx 10021730 f   MSVCRTD:gs_report.obj
 0001:0002089e       _memcpy                    1002189e f   vcruntimed:VCRUNTIME140D.dll
 0001:000208a4       _memset                    100218a4 f   vcruntimed:VCRUNTIME140D.dll
 0001:000208aa       _memchr                    100218aa f   vcruntimed:VCRUNTIME140D.dll
 0001:000208b0       ___telemetry_main_invoke_trigger 100218b0 f   vcruntimed:VCRUNTIME140D.dll
 0001:000208b6       ___telemetry_main_return_trigger 100218b6 f   vcruntimed:VCRUNTIME140D.dll
 0001:000208bc       ___std_type_info_destroy_list 100218bc f   vcruntimed:VCRUNTIME140D.dll
 0001:000208c2       __except_handler4_common   100218c2 f   vcruntimed:VCRUNTIME140D.dll
 0001:000208c8       ___stdio_common_vsprintf   100218c8 f   ucrtd:ucrtbased.dll
 0001:000208ce       _strlen                    100218ce f   ucrtd:ucrtbased.dll
 0001:000208d4       _free                      100218d4 f   ucrtd:ucrtbased.dll
 0001:000208da       _malloc                    100218da f   ucrtd:ucrtbased.dll
 0001:000208e0       _wcstombs                  100218e0 f   ucrtd:ucrtbased.dll
 0001:000208e6       __wopen                    100218e6 f   ucrtd:ucrtbased.dll
 0001:000208ec       __lseeki64                 100218ec f   ucrtd:ucrtbased.dll
 0001:000208f2       __errno                    100218f2 f   ucrtd:ucrtbased.dll
 0001:000208f8       _strerror                  100218f8 f   ucrtd:ucrtbased.dll
 0001:000208fe       _fclose                    100218fe f   ucrtd:ucrtbased.dll
 0001:00020904       _ferror                    10021904 f   ucrtd:ucrtbased.dll
 0001:0002090a       _fopen                     1002190a f   ucrtd:ucrtbased.dll
 0001:00020910       _fread                     10021910 f   ucrtd:ucrtbased.dll
 0001:00020916       _fseek                     10021916 f   ucrtd:ucrtbased.dll
 0001:0002091c       __fseeki64                 1002191c f   ucrtd:ucrtbased.dll
 0001:00020922       _ftell                     10021922 f   ucrtd:ucrtbased.dll
 0001:00020928       __ftelli64                 10021928 f   ucrtd:ucrtbased.dll
 0001:0002092e       _fwrite                    1002192e f   ucrtd:ucrtbased.dll
 0001:00020934       _strcmp                    10021934 f   ucrtd:ucrtbased.dll
 0001:0002093a       _srand                     1002193a f   ucrtd:ucrtbased.dll
 0001:00020940       _rand                      10021940 f   ucrtd:ucrtbased.dll
 0001:00020946       __time64                   10021946 f   ucrtd:ucrtbased.dll
 0001:0002094c       __initterm                 1002194c f   ucrtd:ucrtbased.dll
 0001:00020952       __initterm_e               10021952 f   ucrtd:ucrtbased.dll
 0001:00020958       __seh_filter_dll           10021958 f   ucrtd:ucrtbased.dll
 0001:0002095e       __initialize_narrow_environment 1002195e f   ucrtd:ucrtbased.dll
 0001:00020964       __initialize_onexit_table  10021964 f   ucrtd:ucrtbased.dll
 0001:0002096a       __register_onexit_function 1002196a f   ucrtd:ucrtbased.dll
 0001:00020970       __execute_onexit_table     10021970 f   ucrtd:ucrtbased.dll
 0001:00020976       __crt_atexit               10021976 f   ucrtd:ucrtbased.dll
 0001:0002097c       __crt_at_quick_exit        1002197c f   ucrtd:ucrtbased.dll
 0001:00020982       __cexit                    10021982 f   ucrtd:ucrtbased.dll
 0001:00020988       _terminate                 10021988 f   ucrtd:ucrtbased.dll
 0001:0002098e       __open                     1002198e f   ucrtd:ucrtbased.dll
 0001:00020994       __close                    10021994 f   ucrtd:ucrtbased.dll
 0001:0002099a       __read                     1002199a f   ucrtd:ucrtbased.dll
 0001:000209a0       __write                    100219a0 f   ucrtd:ucrtbased.dll
 0001:000209a6       _QueryPerformanceCounter@4 100219a6 f   kernel32:KERNEL32.dll
 0001:000209ac       _GetCurrentProcessId@0     100219ac f   kernel32:KERNEL32.dll
 0001:000209b2       _GetCurrentThreadId@0      100219b2 f   kernel32:KERNEL32.dll
 0001:000209b8       _GetSystemTimeAsFileTime@4 100219b8 f   kernel32:KERNEL32.dll
 0001:000209be       _DisableThreadLibraryCalls@4 100219be f   kernel32:KERNEL32.dll
 0001:000209c4       _InitializeSListHead@4     100219c4 f   kernel32:KERNEL32.dll
 0001:000209ca       _IsDebuggerPresent@0       100219ca f   kernel32:KERNEL32.dll
 0001:000209d0       _UnhandledExceptionFilter@4 100219d0 f   kernel32:KERNEL32.dll
 0001:000209d6       _SetUnhandledExceptionFilter@4 100219d6 f   kernel32:KERNEL32.dll
 0001:000209dc       _GetStartupInfoW@4         100219dc f   kernel32:KERNEL32.dll
 0001:000209e2       _IsProcessorFeaturePresent@4 100219e2 f   kernel32:KERNEL32.dll
 0001:000209e8       _GetModuleHandleW@4        100219e8 f   kernel32:KERNEL32.dll
 0001:000209ee       _GetCurrentProcess@0       100219ee f   kernel32:KERNEL32.dll
 0001:000209f4       _TerminateProcess@8        100219f4 f   kernel32:KERNEL32.dll
 0001:00020a00       ___acrt_initialize         10021a00 f   MSVCRTD:ucrt_stubs.obj
 0001:00020a00       ___vcrt_initialize         10021a00 f   MSVCRTD:ucrt_stubs.obj
 0001:00020a00       ___scrt_stub_for_acrt_initialize 10021a00 f   MSVCRTD:ucrt_stubs.obj
 0001:00020a10       ___acrt_thread_attach      10021a10 f   MSVCRTD:ucrt_stubs.obj
 0001:00020a10       ___scrt_stub_for_acrt_thread_attach 10021a10 f   MSVCRTD:ucrt_stubs.obj
 0001:00020a10       ___vcrt_thread_attach      10021a10 f   MSVCRTD:ucrt_stubs.obj
 0001:00020a20       ___acrt_thread_detach      10021a20 f   MSVCRTD:ucrt_stubs.obj
 0001:00020a20       ___vcrt_thread_detach      10021a20 f   MSVCRTD:ucrt_stubs.obj
 0001:00020a20       ___scrt_stub_for_acrt_thread_detach 10021a20 f   MSVCRTD:ucrt_stubs.obj
 0001:00020a30       ___scrt_stub_for_acrt_uninitialize 10021a30 f   MSVCRTD:ucrt_stubs.obj
 0001:00020a30       ___vcrt_uninitialize       10021a30 f   MSVCRTD:ucrt_stubs.obj
 0001:00020a30       ___acrt_uninitialize       10021a30 f   MSVCRTD:ucrt_stubs.obj
 0001:00020a40       ___scrt_stub_for_acrt_uninitialize_critical 10021a40 f   MSVCRTD:ucrt_stubs.obj
 0001:00020a40       ___vcrt_uninitialize_critical 10021a40 f   MSVCRTD:ucrt_stubs.obj
 0001:00020a40       ___acrt_uninitialize_critical 10021a40 f   MSVCRTD:ucrt_stubs.obj
 0001:00020a50       __is_c_termination_complete 10021a50 f   MSVCRTD:ucrt_stubs.obj
 0001:00020a50       ___scrt_stub_for_is_c_termination_complete 10021a50 f   MSVCRTD:ucrt_stubs.obj
 0002:00000000       ___xc_a                    10023000     MSVCRTD:initializers.obj
 0002:00000104       ___xc_z                    10023104     MSVCRTD:initializers.obj
 0002:00000208       ___xi_a                    10023208     MSVCRTD:initializers.obj
 0002:0000030c       ___xi_z                    1002330c     MSVCRTD:initializers.obj
 0002:00000410       ___xp_a                    10023410     MSVCRTD:initializers.obj
 0002:00000514       ___xp_z                    10023514     MSVCRTD:initializers.obj
 0002:00000618       ___xt_a                    10023618     MSVCRTD:initializers.obj
 0002:0000071c       ___xt_z                    1002371c     MSVCRTD:initializers.obj
 0002:00002e88       _deflate_copyright         10025e88     deflate.obj
 0002:00004438       _inflate_copyright         10027438     inftrees.obj
 0002:000045a8       __length_code              100275a8     trees.obj
 0002:000046a8       __dist_code                100276a8     trees.obj
 0002:000051f0       _unz_copyright             100281f0     unzip.obj
 0002:00005258       _zip_copyright             10028258     zip.obj
 0002:000052b8       _z_errmsg                  100282b8     zutil.obj
 0002:000052e8       __pDefaultRawDllMain       100282e8     MSVCRTD:dll_dllmain.obj
 0002:000052e8       __pRawDllMain              100282e8     MSVCRTD:dll_dllmain.obj
 0002:00005338       __load_config_used         10028338     MSVCRTD:loadcfg.obj
 0002:000054c0       ___safe_se_handler_table   100284c0     <linker-defined>
 0002:00005770       ___rtc_iaa                 10028770     MSVCRTD:_initsect_.obj
 0002:00005874       ___rtc_izz                 10028874     MSVCRTD:_initsect_.obj
 0002:00005978       ___rtc_taa                 10028978     MSVCRTD:_initsect_.obj
 0002:00005a7c       ___rtc_tzz                 10028a7c     MSVCRTD:_initsect_.obj
 0003:000007a0       ___scrt_native_dllmain_reason 1002a7a0     MSVCRTD:utility.obj
 0003:000007a4       ___security_cookie_complement 1002a7a4     MSVCRTD:gs_cookie.obj
 0003:000007a8       ___security_cookie         1002a7a8     MSVCRTD:gs_cookie.obj
 0003:000007b0       ___isa_enabled             1002a7b0     MSVCRTD:_cpu_disp_.obj
 0003:000007b4       ___scrt_ucrt_dll_is_in_use 1002a7b4     MSVCRTD:ucrt_stubs.obj
 0003:000008d8       ___scrt_current_native_startup_state 1002a8d8     MSVCRTD:utility.obj
 0003:000008dc       ___scrt_native_startup_lock 1002a8dc     MSVCRTD:utility.obj
 0003:00000900       ?__type_info_root_node@@3U__type_info_node@@A 1002a900     MSVCRTD:tncleanup.obj
 0003:00000910       ?_OptionsStorage@?1??__local_stdio_printf_options@@9@4_KA 1002a910     MSVCRTD:default_local_stdio_options.obj
 0003:00000920       ?_OptionsStorage@?1??__local_stdio_scanf_options@@9@4_KA 1002a920     MSVCRTD:default_local_stdio_options.obj
 0003:0000092c       ___scrt_debugger_hook_flag 1002a92c     MSVCRTD:utility_desktop.obj
 0003:00000930       ___isa_available           1002a930     MSVCRTD:_cpu_disp_.obj
 0003:00000934       ___favor                   1002a934     MSVCRTD:_cpu_disp_.obj
 0003:00000d00       ?_OptionsStorage@?1??__local_stdio_printf_options@@9@9 1002ad00     <common>
 0003:00000d14       ___dyn_tls_init_callback   1002ad14     <common>
 0004:00000000       __imp__CreateFileA@28      1002b000     kernel32:KERNEL32.dll
 0004:00000004       __imp__CreateFileW@28      1002b004     kernel32:KERNEL32.dll
 0004:00000008       __imp__ReadFile@20         1002b008     kernel32:KERNEL32.dll
 0004:0000000c       __imp__SetFilePointer@16   1002b00c     kernel32:KERNEL32.dll
 0004:00000010       __imp__WriteFile@20        1002b010     kernel32:KERNEL32.dll
 0004:00000014       __imp__CloseHandle@4       1002b014     kernel32:KERNEL32.dll
 0004:00000018       __imp__GetLastError@0      1002b018     kernel32:KERNEL32.dll
 0004:0000001c       __imp__GetCurrentProcess@0 1002b01c     kernel32:KERNEL32.dll
 0004:00000020       __imp__GetModuleHandleW@4  1002b020     kernel32:KERNEL32.dll
 0004:00000024       __imp__IsProcessorFeaturePresent@4 1002b024     kernel32:KERNEL32.dll
 0004:00000028       __imp__GetStartupInfoW@4   1002b028     kernel32:KERNEL32.dll
 0004:0000002c       __imp__SetUnhandledExceptionFilter@4 1002b02c     kernel32:KERNEL32.dll
 0004:00000030       __imp__UnhandledExceptionFilter@4 1002b030     kernel32:KERNEL32.dll
 0004:00000034       __imp__IsDebuggerPresent@0 1002b034     kernel32:KERNEL32.dll
 0004:00000038       __imp__InitializeSListHead@4 1002b038     kernel32:KERNEL32.dll
 0004:0000003c       __imp__DisableThreadLibraryCalls@4 1002b03c     kernel32:KERNEL32.dll
 0004:00000040       __imp__GetSystemTimeAsFileTime@4 1002b040     kernel32:KERNEL32.dll
 0004:00000044       __imp__GetCurrentThreadId@0 1002b044     kernel32:KERNEL32.dll
 0004:00000048       __imp__GetCurrentProcessId@0 1002b048     kernel32:KERNEL32.dll
 0004:0000004c       __imp__QueryPerformanceCounter@4 1002b04c     kernel32:KERNEL32.dll
 0004:00000050       __imp__TerminateProcess@8  1002b050     kernel32:KERNEL32.dll
 0004:00000054       \177KERNEL32_NULL_THUNK_DATA 1002b054     kernel32:KERNEL32.dll
 0004:00000090       __imp__memcpy              1002b090     vcruntimed:VCRUNTIME140D.dll
 0004:00000094       __imp__memchr              1002b094     vcruntimed:VCRUNTIME140D.dll
 0004:00000098       __imp____telemetry_main_invoke_trigger 1002b098     vcruntimed:VCRUNTIME140D.dll
 0004:0000009c       __imp____telemetry_main_return_trigger 1002b09c     vcruntimed:VCRUNTIME140D.dll
 0004:000000a0       __imp____std_type_info_destroy_list 1002b0a0     vcruntimed:VCRUNTIME140D.dll
 0004:000000a4       __imp___except_handler4_common 1002b0a4     vcruntimed:VCRUNTIME140D.dll
 0004:000000a8       __imp__memset              1002b0a8     vcruntimed:VCRUNTIME140D.dll
 0004:000000ac       \177VCRUNTIME140D_NULL_THUNK_DATA 1002b0ac     vcruntimed:VCRUNTIME140D.dll
 0004:000000dc       __imp___fseeki64           1002b0dc     ucrtd:ucrtbased.dll
 0004:000000e0       __imp__ftell               1002b0e0     ucrtd:ucrtbased.dll
 0004:000000e4       __imp___ftelli64           1002b0e4     ucrtd:ucrtbased.dll
 0004:000000e8       __imp__fwrite              1002b0e8     ucrtd:ucrtbased.dll
 0004:000000ec       __imp___wopen              1002b0ec     ucrtd:ucrtbased.dll
 0004:000000f0       __imp__srand               1002b0f0     ucrtd:ucrtbased.dll
 0004:000000f4       __imp__rand                1002b0f4     ucrtd:ucrtbased.dll
 0004:000000f8       __imp___time64             1002b0f8     ucrtd:ucrtbased.dll
 0004:000000fc       __imp___initterm           1002b0fc     ucrtd:ucrtbased.dll
 0004:00000100       __imp___initterm_e         1002b100     ucrtd:ucrtbased.dll
 0004:00000104       __imp___seh_filter_dll     1002b104     ucrtd:ucrtbased.dll
 0004:00000108       __imp___initialize_narrow_environment 1002b108     ucrtd:ucrtbased.dll
 0004:0000010c       __imp___initialize_onexit_table 1002b10c     ucrtd:ucrtbased.dll
 0004:00000110       __imp___register_onexit_function 1002b110     ucrtd:ucrtbased.dll
 0004:00000114       __imp__fseek               1002b114     ucrtd:ucrtbased.dll
 0004:00000118       __imp___crt_atexit         1002b118     ucrtd:ucrtbased.dll
 0004:0000011c       __imp___crt_at_quick_exit  1002b11c     ucrtd:ucrtbased.dll
 0004:00000120       __imp___cexit              1002b120     ucrtd:ucrtbased.dll
 0004:00000124       __imp__terminate           1002b124     ucrtd:ucrtbased.dll
 0004:00000128       __imp___open               1002b128     ucrtd:ucrtbased.dll
 0004:00000128       __imp__open                1002b128     ucrtd:ucrtbased.dll
 0004:0000012c       __imp___close              1002b12c     ucrtd:ucrtbased.dll
 0004:0000012c       __imp__close               1002b12c     ucrtd:ucrtbased.dll
 0004:00000130       __imp__read                1002b130     ucrtd:ucrtbased.dll
 0004:00000130       __imp___read               1002b130     ucrtd:ucrtbased.dll
 0004:00000134       __imp___write              1002b134     ucrtd:ucrtbased.dll
 0004:00000134       __imp__write               1002b134     ucrtd:ucrtbased.dll
 0004:00000138       __imp__wcstombs            1002b138     ucrtd:ucrtbased.dll
 0004:0000013c       __imp__malloc              1002b13c     ucrtd:ucrtbased.dll
 0004:00000140       __imp__free                1002b140     ucrtd:ucrtbased.dll
 0004:00000144       __imp__strlen              1002b144     ucrtd:ucrtbased.dll
 0004:00000148       __imp____stdio_common_vsprintf 1002b148     ucrtd:ucrtbased.dll
 0004:0000014c       __imp__fread               1002b14c     ucrtd:ucrtbased.dll
 0004:00000150       __imp__fopen               1002b150     ucrtd:ucrtbased.dll
 0004:00000154       __imp__ferror              1002b154     ucrtd:ucrtbased.dll
 0004:00000158       __imp__fclose              1002b158     ucrtd:ucrtbased.dll
 0004:0000015c       __imp__strerror            1002b15c     ucrtd:ucrtbased.dll
 0004:00000160       __imp___errno              1002b160     ucrtd:ucrtbased.dll
 0004:00000164       __imp___execute_onexit_table 1002b164     ucrtd:ucrtbased.dll
 0004:00000168       __imp___lseeki64           1002b168     ucrtd:ucrtbased.dll
 0004:0000016c       __imp__strcmp              1002b16c     ucrtd:ucrtbased.dll
 0004:00000170       \177ucrtbased_NULL_THUNK_DATA 1002b170     ucrtd:ucrtbased.dll
 0004:000001b8       __IMPORT_DESCRIPTOR_KERNEL32 1002b1b8     kernel32:KERNEL32.dll
 0004:000001cc       __IMPORT_DESCRIPTOR_VCRUNTIME140D 1002b1cc     vcruntimed:VCRUNTIME140D.dll
 0004:000001e0       __IMPORT_DESCRIPTOR_ucrtbased 1002b1e0     ucrtd:ucrtbased.dll
 0004:000001f4       __NULL_IMPORT_DESCRIPTOR   1002b1f4     kernel32:KERNEL32.dll
 0006:00000000       ___guard_check_icall_fptr  1002d000     MSVCRTD:guard_support.obj
